== timestamp ==
2026-08-23T09:44:42Z
== branch/status ==
agent/web-complete-v2-20260822
## [32magent/web-complete-v2-20260822[m...[31morigin/agent/web-complete-v2-20260822[m
== heads ==
548a4a139e32ce1fa32c7ab9a6e5516c42f5484e
548a4a139e32ce1fa32c7ab9a6e5516c42f5484e	refs/heads/agent/web-complete-v2-20260822
== toolchain ==
v22.13.0
10.4.1
== contract files ==
== production urls ==
https://nabd.plus http=200 final=https://nabd.plus/ar
https://www.nabd.plus http=200 final=https://www.nabd.plus/ar
== unauthenticated contract probes ==
POST	/unified-bookings	401
PATCH	/unified-bookings/consultation/00000000-0000-4000-8000-000000000000/reschedule	401
GET	/unified-bookings/00000000-0000-4000-8000-000000000000/call-token	401
GET	/radiology/services/00000000-0000-4000-8000-000000000000	404
GET	/unified-bookings/mine	401
