sh: 29: source: not found
sh: 29: source: not found

> nabdah-plus@1.0.0 export:web
> expo export

env: load .env.production .env
env: export EXPO_PUBLIC_API_BASE_URL EXPO_PUBLIC_API_URL EXPO_PUBLIC_SOCKET_URL EXPO_PUBLIC_FASTAPI_BASE_URL EXPO_PUBLIC_CDN_URL EXPO_PUBLIC_LIVEKIT_URL EXPO_PUBLIC_ENVIRONMENT EXPO_PUBLIC_ENABLE_MOCK_SERVICES
Starting Metro Bundler
Web node_modules/expo-router/entry.js ▓▓░░░░░░░░░░░░░░ 12.6% ( 78/220)
Android node_modules/expo-router/entry.js ▓░░░░░░░░░░░░░░░ 11.3% (102/304)
iOS node_modules/expo-router/entry.js ░░░░░░░░░░░░░░░░  1.5% ( 16/132)
Web node_modules/expo-router/entry.js ▓▓▓▓▓▓▓▓▓▓▓░░░░░ 70.7% (798/949)
Android node_modules/expo-router/entry.js ▓▓▓▓▓▓▓▓▓▓▓░░░░░ 68.8% (1328/1884)
iOS node_modules/expo-router/entry.js ▓▓▓▓▓▓▓▓░░░░░░░░ 52.6% ( 787/1085)
Web node_modules/expo-router/entry.js ▓▓▓▓▓▓▓▓▓▓▓▓▓▓░░ 91.8% (2546/2657)
Android node_modules/expo-router/entry.js ▓▓▓▓▓▓▓▓▓▓▓▓▓▓░░ 92.7% (2850/2960)
iOS node_modules/expo-router/entry.js ▓▓▓▓▓▓▓▓▓▓▓▓▓▓░░ 93.1% (2755/2856)
Web Bundled 9190ms node_modules/expo-router/entry.js (2870 modules)
Android node_modules/expo-router/entry.js ▓▓▓▓▓▓▓▓▓▓▓▓▓▓▓░ 99.9% (3289/3289)
iOS node_modules/expo-router/entry.js ▓▓▓▓▓▓▓▓▓▓▓▓▓▓▓░ 97.3% (3209/3254)
Android Bundled 23061ms node_modules/expo-router/entry.js (3289 modules)
Android node_modules/expo-router/entry.js ▓▓▓▓▓▓▓▓▓▓▓▓▓▓▓░ 99.9% (3289/3289)
iOS node_modules/expo-router/entry.js ▓▓▓▓▓▓▓▓▓▓▓▓▓▓▓░ 97.3% (3209/3254)
iOS node_modules/expo-router/entry.js ▓▓▓▓▓▓▓▓▓▓▓▓▓▓▓░ 97.3% (3209/3254)
iOS Bundled 36934ms node_modules/expo-router/entry.js (3254 modules)
iOS node_modules/expo-router/entry.js ▓▓▓▓▓▓▓▓▓▓▓▓▓▓▓░ 97.3% (3209/3254)

› Assets (179):
assets/fonts/Cairo-Black.a584ad1c17512a263657309d6ce7347d.ttf (300 kB)
assets/fonts/Cairo-Black.ttf (300 kB)
assets/fonts/Cairo-Bold.35f0684c70e750f41388159edf8a6272.ttf (300 kB)
assets/fonts/Cairo-Bold.ttf (300 kB)
assets/fonts/Cairo-ExtraBold.b68a029a8fa8214ead9c5776f3724265.ttf (300 kB)
assets/fonts/Cairo-ExtraBold.ttf (300 kB)
assets/fonts/Cairo-Medium.37ff4200c4793cc55598d16a6fabbcd4.ttf (300 kB)
assets/fonts/Cairo-Medium.ttf (300 kB)
assets/fonts/Cairo-Regular.d7049084e960d17b52fdbc0746e07e26.ttf (300 kB)
assets/fonts/Cairo-Regular.ttf (300 kB)
assets/fonts/Cairo-SemiBold.95409b9cc49d0078b6f77383f9b17db2.ttf (300 kB)
assets/fonts/Cairo-SemiBold.ttf (300 kB)
assets/fonts/MaterialSymbolsRounded.4b6a04764271db4a0988f8fe628e4ade.ttf (15.1 MB)
assets/fonts/MaterialSymbolsRounded.ttf (15.1 MB)
assets/images/maternity/fetus/week_1.8f7710937965f1a276bda19b88a37367.jpg (520 kB)
assets/images/maternity/fetus/week_1.jpg (520 kB)
assets/images/maternity/fetus/week_12.0475460c7118990cc965b517da95c293.jpg (419 kB)
assets/images/maternity/fetus/week_12.jpg (419 kB)
assets/images/maternity/fetus/week_13.1d8cbc0eea45384f8c3da947379f57db.jpg (404 kB)
assets/images/maternity/fetus/week_13.jpg (404 kB)
assets/images/maternity/fetus/week_14.46783302ececb50a632411ba2d8ceb30.jpg (564 kB)
assets/images/maternity/fetus/week_14.jpg (564 kB)
assets/images/maternity/fetus/week_15.56ccc6c13b961ff8a7898a0e191f509b.jpg (499 kB)
assets/images/maternity/fetus/week_15.jpg (499 kB)
assets/images/maternity/fetus/week_16.e57a45c4c5af49eb5214865f43d142fa.png (742 kB)
assets/images/maternity/fetus/week_16.png (742 kB)
assets/images/maternity/fetus/week_17.069229973a2d386a8d6f041fa067d0ef.png (1.02 MB)
assets/images/maternity/fetus/week_17.143907cb7bb4ebf13c0229da23c91e36.jpg (681 kB)
assets/images/maternity/fetus/week_17.jpg (681 kB)
assets/images/maternity/fetus/week_17.png (1.02 MB)
assets/images/maternity/fetus/week_18.e27aab1e5e5bca5a9c69228fc84d4c25.png (823 kB)
assets/images/maternity/fetus/week_18.png (823 kB)
assets/images/maternity/fetus/week_19.a4546247d18f3486e80b484fd248b02f.png (862 kB)
assets/images/maternity/fetus/week_19.png (862 kB)
assets/images/maternity/fetus/week_2.2ebba05712213afcbd9e8a3ead3ea361.jpg (446 kB)
assets/images/maternity/fetus/week_2.jpg (446 kB)
assets/images/maternity/fetus/week_20.55ef74d7d6f680cd3c92a97043401338.png (887 kB)
assets/images/maternity/fetus/week_20.png (887 kB)
assets/images/maternity/fetus/week_21.a89bba09caf73aa6f6e47059f92a1485.png (755 kB)
assets/images/maternity/fetus/week_21.png (755 kB)
assets/images/maternity/fetus/week_22.3b1d482968f021627988fc0539ca5042.png (842 kB)
assets/images/maternity/fetus/week_22.png (842 kB)
assets/images/maternity/fetus/week_23.bf0aa2460353d9eda32c750780a7ada9.png (818 kB)
assets/images/maternity/fetus/week_23.png (818 kB)
assets/images/maternity/fetus/week_24.616911eed81c7f4aa8c21d7bc1d30312.png (762 kB)
assets/images/maternity/fetus/week_24.png (762 kB)
assets/images/maternity/fetus/week_25.999029c7fc9893db406ed6007011eec2.png (798 kB)
assets/images/maternity/fetus/week_25.png (798 kB)
assets/images/maternity/fetus/week_26.46c1a2c9231adc878c2258d8af139a46.png (887 kB)
assets/images/maternity/fetus/week_26.png (887 kB)
assets/images/maternity/fetus/week_27.645476b4e79883191f4e0c4af80dfc94.png (790 kB)
assets/images/maternity/fetus/week_27.png (790 kB)
assets/images/maternity/fetus/week_28.9b3f7ac0b6d22ef4e66c2e0f07abe8f1.png (827 kB)
assets/images/maternity/fetus/week_28.png (827 kB)
assets/images/maternity/fetus/week_29.5f8492f8da3d31645b02bfa485aafa00.png (833 kB)
assets/images/maternity/fetus/week_29.png (833 kB)
assets/images/maternity/fetus/week_3.45479edb75d5293d28def5616b8c36bd.jpg (501 kB)
assets/images/maternity/fetus/week_3.jpg (501 kB)
assets/images/maternity/fetus/week_30.8813a30bbe82eaa006c57aa05a827622.png (849 kB)
assets/images/maternity/fetus/week_30.png (849 kB)
assets/images/maternity/fetus/week_31.538c55c4014688e5ad101d6b9497630c.png (867 kB)
assets/images/maternity/fetus/week_31.png (867 kB)
assets/images/maternity/fetus/week_32.83770cd3c5a49ecdb2c9737a34a5ded4.png (869 kB)
assets/images/maternity/fetus/week_32.png (869 kB)
assets/images/maternity/fetus/week_33.4d566d48646673f849b172f997c1d13c.png (837 kB)
assets/images/maternity/fetus/week_33.png (837 kB)
assets/images/maternity/fetus/week_34.050b2b60f724a1c87933053cf17c255b.png (789 kB)
assets/images/maternity/fetus/week_34.png (789 kB)
assets/images/maternity/fetus/week_35.17251e271c971e74a33554eaa1d6d2df.png (874 kB)
assets/images/maternity/fetus/week_35.png (874 kB)
assets/images/maternity/fetus/week_36.7c96a05c6354ed90285e8a3a08439f72.png (884 kB)
assets/images/maternity/fetus/week_36.png (884 kB)
assets/images/maternity/fetus/week_37.510c07b473952b31eef1a7e61b3809e0.png (775 kB)
assets/images/maternity/fetus/week_37.png (775 kB)
assets/images/maternity/fetus/week_38.3c424d503ff669028819de8a1c7593d4.png (815 kB)
assets/images/maternity/fetus/week_38.png (815 kB)
assets/images/maternity/fetus/week_39.61333b2d059259f10c4333458a5b0baf.png (927 kB)
assets/images/maternity/fetus/week_39.png (927 kB)
assets/images/maternity/fetus/week_4.40c9e9c591113c6925ff318107fea0b7.jpg (477 kB)
assets/images/maternity/fetus/week_4.jpg (477 kB)
assets/images/maternity/fetus/week_40.0897eb94e6cd7bd5d0ca909ff07bc14e.png (876 kB)
assets/images/maternity/fetus/week_40.png (876 kB)
assets/images/maternity/fetus/week_5.fdc3470f2058b711e1e318af89ec5d6a.jpg (488 kB)
assets/images/maternity/fetus/week_5.jpg (488 kB)
assets/images/maternity/fetus/week_6.9d5609882eb6b7265f8d1579656fd34f.jpg (420 kB)
assets/images/maternity/fetus/week_6.jpg (420 kB)
assets/images/maternity/fetus/week_7.62cd362eefda17dde2c47c6b26097f1b.jpg (493 kB)
assets/images/maternity/fetus/week_7.jpg (493 kB)
assets/images/maternity/fetus/week_8.592af6254750e56fbecaec0edab5ed9e.jpg (531 kB)
assets/images/maternity/fetus/week_8.jpg (531 kB)
assets/images/maternity/fetus/week_9.96b938861a232bac25921f8a7115e3e8.jpg (486 kB)
assets/images/maternity/fetus/week_9.jpg (486 kB)
node_modules/@expo/vector-icons/build/vendor/react-native-vector-icons/Fonts/AntDesign.3f78af31cca60105799838a1a7a59fbd.ttf (130 kB)
node_modules/@expo/vector-icons/build/vendor/react-native-vector-icons/Fonts/AntDesign.ttf (130 kB)
node_modules/@expo/vector-icons/build/vendor/react-native-vector-icons/Fonts/Entypo.31b5ffea3daddc69dd01a1f3d6cf63c5.ttf (66.2 kB)
node_modules/@expo/vector-icons/build/vendor/react-native-vector-icons/Fonts/Entypo.ttf (66.2 kB)
node_modules/@expo/vector-icons/build/vendor/react-native-vector-icons/Fonts/EvilIcons.140c53a7643ea949007aa9a282153849.ttf (13.5 kB)
node_modules/@expo/vector-icons/build/vendor/react-native-vector-icons/Fonts/EvilIcons.ttf (13.5 kB)
node_modules/@expo/vector-icons/build/vendor/react-native-vector-icons/Fonts/Feather.ca4b48e04dc1ce10bfbddb262c8b835f.ttf (55.6 kB)
node_modules/@expo/vector-icons/build/vendor/react-native-vector-icons/Fonts/Feather.ttf (55.6 kB)
node_modules/@expo/vector-icons/build/vendor/react-native-vector-icons/Fonts/FontAwesome.b06871f281fee6b241d60582ae9369b9.ttf (166 kB)
node_modules/@expo/vector-icons/build/vendor/react-native-vector-icons/Fonts/FontAwesome.ttf (166 kB)
node_modules/@expo/vector-icons/build/vendor/react-native-vector-icons/Fonts/FontAwesome5_Brands.3b89dd103490708d19a95adcae52210e.ttf (134 kB)
node_modules/@expo/vector-icons/build/vendor/react-native-vector-icons/Fonts/FontAwesome5_Brands.ttf (134 kB)
node_modules/@expo/vector-icons/build/vendor/react-native-vector-icons/Fonts/FontAwesome5_Regular.1f77739ca9ff2188b539c36f30ffa2be.ttf (33.7 kB)
node_modules/@expo/vector-icons/build/vendor/react-native-vector-icons/Fonts/FontAwesome5_Regular.ttf (33.7 kB)
node_modules/@expo/vector-icons/build/vendor/react-native-vector-icons/Fonts/FontAwesome5_Solid.605ed7926cf39a2ad5ec2d1f9d391d3d.ttf (203 kB)
node_modules/@expo/vector-icons/build/vendor/react-native-vector-icons/Fonts/FontAwesome5_Solid.ttf (203 kB)
node_modules/@expo/vector-icons/build/vendor/react-native-vector-icons/Fonts/FontAwesome6_Brands.56c8d80832e37783f12c05db7c8849e2.ttf (209 kB)
node_modules/@expo/vector-icons/build/vendor/react-native-vector-icons/Fonts/FontAwesome6_Brands.ttf (209 kB)
node_modules/@expo/vector-icons/build/vendor/react-native-vector-icons/Fonts/FontAwesome6_Regular.370dd5af19f8364907b6e2c41f45dbbf.ttf (68 kB)
node_modules/@expo/vector-icons/build/vendor/react-native-vector-icons/Fonts/FontAwesome6_Regular.ttf (68 kB)
node_modules/@expo/vector-icons/build/vendor/react-native-vector-icons/Fonts/FontAwesome6_Solid.adec7d6f310bc577f05e8fe06a5daccf.ttf (424 kB)
node_modules/@expo/vector-icons/build/vendor/react-native-vector-icons/Fonts/FontAwesome6_Solid.ttf (424 kB)
node_modules/@expo/vector-icons/build/vendor/react-native-vector-icons/Fonts/Fontisto.b49ae8ab2dbccb02c4d11caaacf09eab.ttf (314 kB)
node_modules/@expo/vector-icons/build/vendor/react-native-vector-icons/Fonts/Fontisto.ttf (314 kB)
node_modules/@expo/vector-icons/build/vendor/react-native-vector-icons/Fonts/Foundation.e20945d7c929279ef7a6f1db184a4470.ttf (57 kB)
node_modules/@expo/vector-icons/build/vendor/react-native-vector-icons/Fonts/Foundation.ttf (57 kB)
node_modules/@expo/vector-icons/build/vendor/react-native-vector-icons/Fonts/Ionicons.b4eb097d35f44ed943676fd56f6bdc51.ttf (390 kB)
node_modules/@expo/vector-icons/build/vendor/react-native-vector-icons/Fonts/Ionicons.ttf (390 kB)
node_modules/@expo/vector-icons/build/vendor/react-native-vector-icons/Fonts/MaterialCommunityIcons.6e435534bd35da5fef04168860a9b8fa.ttf (1.31 MB)
node_modules/@expo/vector-icons/build/vendor/react-native-vector-icons/Fonts/MaterialCommunityIcons.ttf (1.31 MB)
node_modules/@expo/vector-icons/build/vendor/react-native-vector-icons/Fonts/MaterialIcons.4e85bc9ebe07e0340c9c4fc2f6c38908.ttf (357 kB)
node_modules/@expo/vector-icons/build/vendor/react-native-vector-icons/Fonts/MaterialIcons.ttf (357 kB)
node_modules/@expo/vector-icons/build/vendor/react-native-vector-icons/Fonts/Octicons.871378c6eab492a3e689a9385dc45a12.ttf (69.4 kB)
node_modules/@expo/vector-icons/build/vendor/react-native-vector-icons/Fonts/Octicons.ttf (69.4 kB)
node_modules/@expo/vector-icons/build/vendor/react-native-vector-icons/Fonts/SimpleLineIcons.d2285965fe34b05465047401b8595dd0.ttf (54.1 kB)
node_modules/@expo/vector-icons/build/vendor/react-native-vector-icons/Fonts/SimpleLineIcons.ttf (54.1 kB)
node_modules/@expo/vector-icons/build/vendor/react-native-vector-icons/Fonts/Zocial.1681f34aaca71b8dfb70756bca331eb2.ttf (25.8 kB)
node_modules/@expo/vector-icons/build/vendor/react-native-vector-icons/Fonts/Zocial.ttf (25.8 kB)
node_modules/@react-navigation/elements/lib/module/assets/back-icon-mask.0a328cd9c1afd0afe8e3b1ec5165b1b4.png (653 B)
node_modules/@react-navigation/elements/lib/module/assets/back-icon-mask.png (653 B)
node_modules/@react-navigation/elements/lib/module/assets/back-icon.35ba0eaec5a4f5ed12ca16fabeae451d.png (207 B)
node_modules/@react-navigation/elements/lib/module/assets/back-icon.png (8 variations | 359 B)
node_modules/@react-navigation/elements/lib/module/assets/clear-icon.c94f6478e7ae0cdd9f15de1fcb9e5e55.png (4 variations | 425 B)
node_modules/@react-navigation/elements/lib/module/assets/clear-icon.png (4 variations | 425 B)
node_modules/@react-navigation/elements/lib/module/assets/close-icon.808e1b1b9b53114ec2838071a7e6daa7.png (4 variations | 235 B)
node_modules/@react-navigation/elements/lib/module/assets/close-icon.png (4 variations | 235 B)
node_modules/@react-navigation/elements/lib/module/assets/search-icon.286d67d3f74808a60a78d3ebf1a5fb57.png (928 B)
node_modules/@react-navigation/elements/lib/module/assets/search-icon.png (7 variations | 592 B)
node_modules/expo-router/assets/arrow_down.017bc6ba3fc25503e5eb5e53826d48a8.png (9.46 kB)
node_modules/expo-router/assets/arrow_down.png (9.46 kB)
node_modules/expo-router/assets/error.d1ea1496f9057eb392d5bbf3732a61b7.png (469 B)
node_modules/expo-router/assets/error.png (469 B)
node_modules/expo-router/assets/file.19eeb73b9593a38f8e9f418337fc7d10.png (138 B)
node_modules/expo-router/assets/file.png (138 B)
node_modules/expo-router/assets/forward.d8b800c443b8972542883e0b9de2bdc6.png (188 B)
node_modules/expo-router/assets/forward.png (188 B)
node_modules/expo-router/assets/pkg.ab19f4cbc543357183a20571f68380a3.png (364 B)
node_modules/expo-router/assets/pkg.png (364 B)
node_modules/expo-router/assets/sitemap.412dd9275b6b48ad28f5e3d81bb1f626.png (465 B)
node_modules/expo-router/assets/sitemap.png (465 B)
node_modules/expo-router/assets/unmatched.20e71bdf79e3a97bf55fd9e164041578.png (4.75 kB)
node_modules/expo-router/assets/unmatched.png (4.75 kB)

› web bundles (1):
_expo/static/js/web/entry-472b243f61683a58d07634dcc60f7b39.js (9.37 MB)

› android bundles (1):
_expo/static/js/android/entry-fcdd9e5f93b04af1a0554766f7615fd5.hbc (13.5 MB)

› ios bundles (1):
_expo/static/js/ios/entry-2951f30765b352ab901a199c17c63f9b.hbc (13.5 MB)

› Files (3):
favicon.ico (14.5 kB)
index.html (1.22 kB)
metadata.json (11.7 kB)

Exported: dist
