========================================
 VERIFIER v1 — 2026-08-02T10:24:49Z
========================================

--- [1] عدد الشاشات/الصفحات الفعلي ---
مريض tsx: 278 (مُعلن 239)
مزود tsx: 51 (مُعلن 114)
أدمن page.tsx: 0 (مُعلن 23+)
باك إند modules: 102 (مُعلن 97)

--- [2] عدد الـ Routes في الباك إند ---
HTTP route handlers: 654 (مُعلن 1122)

--- [3] TODO / FIXME / Placeholder / Mock / Dummy في كود الإنتاج ---
مريض: 193 موضع
مزود: 318 موضع
أدمن: 55 موضع
باك: 28 موضع

--- [4] فحص Secrets/Tokens مسرّبة داخل الكود ---
مواضع مشبوهة: 8

--- [5] صحة الـ API الحي ---
GET https://api.nabd.plus/api/v1/health/liveness -> 200

========================================
 RESULT: FAIL (راجع التفاصيل أعلاه)
========================================
