VERIFIER v1 RUN — after fix round 1 — 2026-08-02T00:00Z
=====================================================
COMMAND: python3 verifier/v1/extract_routes.py + syntax checks
BACKEND: 102 modules | 1291 route registrations | 1136 unique paths
EXIT: PASS (0 real broken calls remaining)

API CROSS-CHECK (frontend ↔ backend):
- patient : 191 endpoints | 0 missing (was 1: /api/v1 double-prefix in claim-tracking.tsx — FIXED)
- provider: 153 endpoints | 0 real missing (2 static-analysis artifacts: dynamic ${action}/${endpoint} — all runtime values verified to exist)
  * FIXED: PharmacyDashboard reject double /api/v1 prefix
  * FIXED: LabDashboard /labs/bookings/:id/reassign — endpoint ADDED to backend (labs.controller.ts + labs.service.ts)
  * FIXED: RadiologyDashboard reschedule-scan → real PATCH reschedule + new modal with 4 slot options
- admin(web-admin live): 45 endpoints | 0 real missing (5 artifacts: query-string templates + approve/reject dynamic actions — verified)

CONFIG FIXES:
- patient .env.production: api.nabdahplus.com (DEAD, curl=000) → api.nabd.plus (LIVE, 200) + SOCKET_URL + LIVEKIT_URL
- patient defaults in HttpClient.ts / constants/index.ts / ConfigManager.ts → api.nabd.plus
- provider env var mismatch: code now reads EXPO_PUBLIC_API_URL ?? EXPO_PUBLIC_API_BASE_URL
- LiveKit placeholders (*.example.com, dead livekit.nabdahplus.com) → wss://livekit.nabd.plus (3 files) — DNS/nginx route still needed on server (owner infra)

SECRETS SCAN: 0 leaked tokens/keys in source (ghp_/AKIA/sk_live_/private keys). Firebase google-services.json keys = public-by-design. Google Maps key in patient .env (public, must be console-restricted — note).

LIVE CHECKS: api.nabd.plus/api/v1/health/liveness=200 | socket.io handshake=OK | POST /api/v1/ai/triage=real Arabic response | admin.nabd.plus=Next.js live

SYNTAX CHECK: 12/12 edited files PASS (TypeScript transpile, 0 errors)
NOTE: backend full tsc requires npm install (network-flaky, partial) — syntax-level verification done; recommend full build on server.
