seeded: wallet=200 SAR, loyalty=500 pts
PASS  S13 admin coupon create — {"id":"707c5723-4995-48f5-ae87-c8027cbef312","code":"QAEPIC100","discount_percent":null,"discount_amount":10,"max_uses":
PASS  S13 coupon validate (valid) — {"valid":true,"discount":10,"coupon":{"code":"QAEPIC100","discount_percent":null,"discount_amount":10}}
PASS  S13 coupon min_order enforced — min_order_20
PASS  S12 loyalty quote caps at 20% — max_pts=90 max_sar=9
PASS  S1 wallet topup: intent via gateway OR fail-closed refusal (never free money) — status=400 msg=Entity not activated to use live account [Moyasar live account not activated — owner item]
PASS  S1 wallet NOT credited before gateway payment — balance=200
PASS  S14 approval request created — {"id":"fo_43330eab-a8df-45b5-ae49-8005da9a22bd","type":"manual_debit","payload":{"provider_account_id":"qaepic1_provider","amount":25},"reason":"QA ma
PASS  S14 self-approval blocked (maker≠checker) — status=403
PASS  S14 cross-approval executes manual_debit — {"ok":true,"status":"executed","result":{"id":"le_1785690897760_qqeq3v","provider_account_id":"qaepic1_provider","type":"provider_debit","state":"clea
PASS  S14 ledger debit entry appended — amount=25
PASS  S11 commission resolve returns configured percent — {"percent":11,"source":"finance_config"}
PASS  S2 order created — status=201 total=40
PASS  S2/F22 server total = 55-10-5 = 40 (client cannot set it) — total=40 coupon=10 loyalty=5
PASS  S1 wallet fully covers → payment_status paid — paid
PASS  S1 wallet debited exactly 40 — balance=160
PASS  S10 wallet debit transaction recorded — amount=40
PASS  S13 coupon usage counter incremented — used_count=1
PASS  S12 loyalty points deducted 500→450 — points=450
PASS  S18 no double debit for same order — balance=160
PASS  S6 cancel accepted — status=201 {"_id":"6a6f7b129b8cfd57bb698958","patient_id":"qaepic1_patient","patient_name":"QA Epic1","patient_phone":"0500000099",
PASS  S6 order state CANCELLED + refunded — state=CANCELLED payment_status=refunded
PASS  S4 wallet re-credited after cancel (160→200) — balance=200
PASS  S4 loyalty points refunded (450→500) — points=500
PASS  S4 coupon released after cancel — used_count=0
PASS  S16 reports summary returns decomposition — {"period":"daily","from":"2026-08-02T00:00:00.000Z","to":"2026-08-02T17:14:58.516Z","gross_revenue":0,"paid_count":0,"failed_count":0,"failed_volume":0,"commission":0,"vat_on_commission":0,"net_revenu
PASS  S5 returns blocked for non-delivered order — {"order_id":"db0a759d-da6c-4057-a8d5-2c10e4e031dd","delivered":false,"within_window":false,"window_days":7,"eligible":false,"items":[{"medicine_id":"1
PASS  S9 provider balance shows debit (negative available) — {"available":-25,"pending":0,"locked":0,"lifetime_earned":0,"paid_out":0,"debits":25,"negative":true}
PASS  S7/S9 payout blocked when balance negative — status=400 {"message":"negative_balance: your balance is -25 SAR due to refunds/adjustments — new earnings will settle the debt fir
cleanup done

===== 28/28 PASS, 0 FAIL =====
