[WARN] The "pnpm" field in package.json is no longer read by pnpm. The following keys were ignored: "pnpm.patchedDependencies", "pnpm.overrides". See https://pnpm.io/settings for the new home of each setting.

> nabd-plus-web@1.0.0 test:sandbox /home/ubuntu/nabdah_impl/repo
> bash scripts/run-sandbox-contracts.sh

Running read-only Sandbox contract batch 1/14...

 RUN  v2.1.9 /home/ubuntu/nabdah_impl/repo

 ❯ lib/api/sandbox-secrets.test.ts (1 test | 1 failed) 4ms
   × Sandbox credentials > authenticates the owner account without exposing any credential or token 3ms
     → expected undefined to be truthy

⎯⎯⎯⎯⎯⎯⎯ Failed Tests 1 ⎯⎯⎯⎯⎯⎯⎯

 FAIL  lib/api/sandbox-secrets.test.ts > Sandbox credentials > authenticates the owner account without exposing any credential or token
AssertionError: expected undefined to be truthy

- Expected: 
true

+ Received: 
undefined

 ❯ lib/api/sandbox-secrets.test.ts:18:21
     16|     const identifier = process.env.NABD_SANDBOX_OWNER_EMAIL;
     17|     const password = process.env.NABD_SANDBOX_OWNER_PASSWORD;
     18|     expect(baseUrl).toBeTruthy();
       |                     ^
     19|     expect(identifier).toBeTruthy();
     20|     expect(password).toBeTruthy();

⎯⎯⎯⎯⎯⎯⎯⎯⎯⎯⎯⎯⎯⎯⎯⎯⎯⎯⎯⎯⎯⎯⎯⎯[1/1]⎯

 Test Files  1 failed (1)
      Tests  1 failed (1)
   Start at  00:14:18
   Duration  139ms (transform 20ms, setup 0ms, collect 17ms, tests 4ms, environment 0ms, prepare 33ms)

 ELIFECYCLE  Command failed with exit code 1.

EXIT_CODE=
