[WARN] The "pnpm" field in package.json is no longer read by pnpm. The following keys were ignored: "pnpm.patchedDependencies", "pnpm.overrides". See https://pnpm.io/settings for the new home of each setting.

> nabd-plus-web@1.0.0 test:sandbox /home/ubuntu/nabdah_impl/repo
> bash scripts/run-sandbox-contracts.sh

Running read-only Sandbox contract batch 1/14...

 RUN  v2.1.9 /home/ubuntu/nabdah_impl/repo

 ✓ lib/api/sandbox-secrets.test.ts (1 test) 2153ms
   ✓ Sandbox credentials > authenticates the owner account without exposing any credential or token 2152ms

 Test Files  1 passed (1)
      Tests  1 passed (1)
   Start at  06:07:57
   Duration  2.30s (transform 22ms, setup 0ms, collect 19ms, tests 2.15s, environment 0ms, prepare 38ms)

Cooling down Sandbox login rate for 70s before batch 2/14...
Running read-only Sandbox contract batch 2/14...

 RUN  v2.1.9 /home/ubuntu/nabdah_impl/repo

 ✓ lib/api/sandbox-order-ownership.test.ts (1 test) 5627ms
   ✓ Sandbox order ownership > allows only the owner to read the designated cancelled order 5626ms

 Test Files  1 passed (1)
      Tests  1 passed (1)
   Start at  06:09:10
   Duration  5.75s (transform 18ms, setup 0ms, collect 15ms, tests 5.63s, environment 0ms, prepare 31ms)

Cooling down Sandbox login rate for 70s before batch 3/14...
Running read-only Sandbox contract batch 3/14...

 RUN  v2.1.9 /home/ubuntu/nabdah_impl/repo

 ✓ lib/api/sandbox-appointments-contracts.test.ts (1 test) 6897ms
   ✓ Sandbox appointment contracts > allows a patient to read only their own appointment list and rejects another patient if an item exists 6896ms

 Test Files  1 passed (1)
      Tests  1 passed (1)
   Start at  06:10:27
   Duration  7.04s (transform 21ms, setup 0ms, collect 17ms, tests 6.90s, environment 0ms, prepare 34ms)

Cooling down Sandbox login rate for 70s before batch 4/14...
Running read-only Sandbox contract batch 4/14...

 RUN  v2.1.9 /home/ubuntu/nabdah_impl/repo

 ✓ lib/api/sandbox-diagnostics-contracts.test.ts (1 test) 12974ms
   ✓ Sandbox diagnostic booking contracts > allows the owner to read list endpoints and rejects another patient for any available detail 12974ms

 Test Files  1 passed (1)
      Tests  1 passed (1)
   Start at  06:11:44
   Duration  13.12s (transform 21ms, setup 0ms, collect 18ms, tests 12.97s, environment 0ms, prepare 34ms)

Cooling down Sandbox login rate for 70s before batch 5/14...
Running read-only Sandbox contract batch 5/14...

 RUN  v2.1.9 /home/ubuntu/nabdah_impl/repo

 ✓ lib/api/sandbox-specialty-provider-count.test.ts (1 test) 7996ms
   ✓ Sandbox specialty and provider discovery > returns non-empty specialty and doctor discovery records without exposing their contents 7995ms

 Test Files  1 passed (1)
      Tests  1 passed (1)
   Start at  06:13:08
   Duration  8.15s (transform 32ms, setup 0ms, collect 29ms, tests 8.00s, environment 0ms, prepare 35ms)

Cooling down Sandbox login rate for 70s before batch 6/14...
Running read-only Sandbox contract batch 6/14...

 RUN  v2.1.9 /home/ubuntu/nabdah_impl/repo

 ❯ lib/api/sandbox-home-care-contract.test.ts (1 test | 1 failed) 5466ms
   × Sandbox home-care booking contract > allows the owner to read their list and rejects another patient for any available detail 5465ms
     → expected 404 to be 200 // Object.is equality

⎯⎯⎯⎯⎯⎯⎯ Failed Tests 1 ⎯⎯⎯⎯⎯⎯⎯

 FAIL  lib/api/sandbox-home-care-contract.test.ts > Sandbox home-care booking contract > allows the owner to read their list and rejects another patient for any available detail
AssertionError: expected 404 to be 200 // Object.is equality

- Expected
+ Received

- 200
+ 404

 ❯ lib/api/sandbox-home-care-contract.test.ts:37:25
     35|     const otherToken = await login(process.env.NABD_SANDBOX_OTHER_EMAI…
     36|     const list = await fetch(`${baseUrl}/home-care/bookings/my`, { hea…
     37|     expect(list.status).toBe(200);
       |                         ^
     38|     const bookingId = firstResourceId(await list.json().catch(() => nu…
     39|     if (!bookingId) return;

⎯⎯⎯⎯⎯⎯⎯⎯⎯⎯⎯⎯⎯⎯⎯⎯⎯⎯⎯⎯⎯⎯⎯⎯[1/1]⎯

 Test Files  1 failed (1)
      Tests  1 failed (1)
   Start at  06:14:27
   Duration  5.60s (transform 19ms, setup 0ms, collect 18ms, tests 5.47s, environment 0ms, prepare 34ms)

 ELIFECYCLE  Command failed with exit code 1.

EXIT_CODE=1

=== RESUME_AFTER_BATCH_6 ===
Running resumed Sandbox batch 1/8: lib/api/sandbox-medicines-contract.test.ts
[WARN] The "pnpm" field in package.json is no longer read by pnpm. The following keys were ignored: "pnpm.patchedDependencies", "pnpm.overrides". See https://pnpm.io/settings for the new home of each setting.

 RUN  v2.1.9 /home/ubuntu/nabdah_impl/repo

 ✓ lib/api/sandbox-medicines-contract.test.ts (1 test) 2199ms
   ✓ Sandbox medicines catalog contract > supports bounded list, search, and detail reads without logging medicine records 2199ms

 Test Files  1 passed (1)
      Tests  1 passed (1)
   Start at  06:17:11
   Duration  2.34s (transform 29ms, setup 0ms, collect 26ms, tests 2.20s, environment 0ms, prepare 31ms)

BATCH_EXIT=0
Running resumed Sandbox batch 2/8: lib/api/sandbox-family-contract.test.ts
[WARN] The "pnpm" field in package.json is no longer read by pnpm. The following keys were ignored: "pnpm.patchedDependencies", "pnpm.overrides". See https://pnpm.io/settings for the new home of each setting.

 RUN  v2.1.9 /home/ubuntu/nabdah_impl/repo

 ✓ lib/api/sandbox-family-contract.test.ts (2 tests) 7177ms
   ✓ Sandbox family contract > reads only the current patient's family list and never performs mutations 6583ms
   ✓ Sandbox family contract > rejects the self-scoped family list without a patient session 594ms

 Test Files  1 passed (1)
      Tests  2 passed (2)
   Start at  06:18:24
   Duration  7.31s (transform 20ms, setup 0ms, collect 16ms, tests 7.18s, environment 0ms, prepare 32ms)

BATCH_EXIT=0
Running resumed Sandbox batch 3/8: lib/api/sandbox-notifications-contract.test.ts
[WARN] The "pnpm" field in package.json is no longer read by pnpm. The following keys were ignored: "pnpm.patchedDependencies", "pnpm.overrides". See https://pnpm.io/settings for the new home of each setting.

 RUN  v2.1.9 /home/ubuntu/nabdah_impl/repo

 ✓ lib/api/sandbox-notifications-contract.test.ts (2 tests) 6721ms
   ✓ Sandbox notifications contract > reads notifications and unread count without changing their state 5142ms
   ✓ Sandbox notifications contract > rejects notification reads without a patient session 1579ms

 Test Files  1 passed (1)
      Tests  2 passed (2)
   Start at  06:19:42
   Duration  6.85s (transform 21ms, setup 0ms, collect 18ms, tests 6.72s, environment 0ms, prepare 29ms)

BATCH_EXIT=0
Running resumed Sandbox batch 4/8: lib/api/sandbox-chat-contract.test.ts
[WARN] The "pnpm" field in package.json is no longer read by pnpm. The following keys were ignored: "pnpm.patchedDependencies", "pnpm.overrides". See https://pnpm.io/settings for the new home of each setting.

 RUN  v2.1.9 /home/ubuntu/nabdah_impl/repo

 ✓ lib/api/sandbox-chat-contract.test.ts (2 tests) 5144ms
   ✓ Sandbox patient chat contract > reads the current patient's thread list without reading messages or changing thread state 4551ms
   ✓ Sandbox patient chat contract > rejects the self-scoped thread list without a patient session 593ms

 Test Files  1 passed (1)
      Tests  2 passed (2)
   Start at  06:20:59
   Duration  5.29s (transform 25ms, setup 0ms, collect 22ms, tests 5.14s, environment 0ms, prepare 33ms)

BATCH_EXIT=0
Running resumed Sandbox batch 5/8: lib/api/sandbox-prescriptions-contract.test.ts
[WARN] The "pnpm" field in package.json is no longer read by pnpm. The following keys were ignored: "pnpm.patchedDependencies", "pnpm.overrides". See https://pnpm.io/settings for the new home of each setting.

 RUN  v2.1.9 /home/ubuntu/nabdah_impl/repo

 ✓ lib/api/sandbox-prescriptions-contract.test.ts (2 tests) 5074ms
   ✓ Sandbox prescriptions contract > reads the current patient's prescription list without sending, substituting, or uploading 4466ms
   ✓ Sandbox prescriptions contract > rejects the self-scoped prescription list without a patient session 607ms

 Test Files  1 passed (1)
      Tests  2 passed (2)
   Start at  06:22:15
   Duration  5.21s (transform 21ms, setup 0ms, collect 14ms, tests 5.07s, environment 0ms, prepare 34ms)

BATCH_EXIT=0
Running resumed Sandbox batch 6/8: lib/api/sandbox-profile-contracts.test.ts
[WARN] The "pnpm" field in package.json is no longer read by pnpm. The following keys were ignored: "pnpm.patchedDependencies", "pnpm.overrides". See https://pnpm.io/settings for the new home of each setting.

 RUN  v2.1.9 /home/ubuntu/nabdah_impl/repo

 ✓ lib/api/sandbox-profile-contracts.test.ts (4 tests) 28473ms
   ✓ Sandbox profile contracts > permits the owner to read profile domains without returning an authorization error 5211ms
   ✓ Sandbox profile contracts > rejects each self-scoped profile domain without a patient session 5081ms
   ✓ Sandbox profile contracts > enforces the web display allowlist for every successful live profile response 13273ms
   ✓ Sandbox profile contracts > proves that allowed medical fields can be displayed while successful empty domains remain empty 4907ms

 Test Files  1 passed (1)
      Tests  4 passed (4)
   Start at  06:23:31
   Duration  28.62s (transform 31ms, setup 0ms, collect 29ms, tests 28.47s, environment 0ms, prepare 32ms)

BATCH_EXIT=0
Running resumed Sandbox batch 7/8: lib/api/sandbox-reminders-contract.test.ts
[WARN] The "pnpm" field in package.json is no longer read by pnpm. The following keys were ignored: "pnpm.patchedDependencies", "pnpm.overrides". See https://pnpm.io/settings for the new home of each setting.

 RUN  v2.1.9 /home/ubuntu/nabdah_impl/repo

 ✓ lib/api/sandbox-reminders-contract.test.ts (2 tests) 5225ms
   ✓ Sandbox medication reminders contract > reads active reminders without creating, logging, snoozing, refilling, or cancelling a reminder 4617ms
   ✓ Sandbox medication reminders contract > rejects the self-scoped reminders list without a patient session 607ms

 Test Files  1 passed (1)
      Tests  2 passed (2)
   Start at  06:25:11
   Duration  5.37s (transform 27ms, setup 0ms, collect 24ms, tests 5.22s, environment 0ms, prepare 34ms)

BATCH_EXIT=0
Running resumed Sandbox batch 8/8: lib/api/sandbox-vitals-contract.test.ts
[WARN] The "pnpm" field in package.json is no longer read by pnpm. The following keys were ignored: "pnpm.patchedDependencies", "pnpm.overrides". See https://pnpm.io/settings for the new home of each setting.

 RUN  v2.1.9 /home/ubuntu/nabdah_impl/repo

 ✓ lib/api/sandbox-vitals-contract.test.ts (2 tests) 6163ms
   ✓ Sandbox vital summary contract > reads the current patient's vital summary without writing or logging health values 5492ms
   ✓ Sandbox vital summary contract > rejects the self-scoped vital summary without a patient session 670ms

 Test Files  1 passed (1)
      Tests  2 passed (2)
   Start at  06:26:27
   Duration  6.30s (transform 19ms, setup 0ms, collect 16ms, tests 6.16s, environment 0ms, prepare 31ms)

BATCH_EXIT=0
RESUMED_FAILURES=0
